// Jest Snapshot v1, https://goo.gl/fbAQLP

exports[`Details renders Details component 1`] = `<div />`;
